
> nnpoultry-website@0.0.1 build
> next build

ΓÜá Warning: Next.js inferred your workspace root, but it may not be correct.
 We detected multiple lockfiles and selected the directory of C:\Users\fredd\package-lock.json as the root directory.
 To silence this warning, set `turbopack.root` in your Next.js config, or consider removing one of the lockfiles if it's not needed.
   See https://nextjs.org/docs/app/api-reference/config/next-config-js/turbopack#root-directory for more information.
 Detected additional lockfiles: 
   * C:\Users\fredd\Projects\N-Npoultry\package-lock.json

Γû▓ Next.js 16.1.7 (Turbopack)
- Experiments (use with caution):
  ┬╖ clientTraceMetadata

  Creating an optimized production build ...

> Build error occurred
Error: Turbopack build failed with 1 errors:
./Projects/N-Npoultry/src/app/education-hub/page.tsx:6:1
Module not found: Can't resolve '@/components/ui/CallToAction'
  4 | import type { Metadata } from 'next';
  5 | import { ErrorBoundary } from '@/components/layout/ErrorBoundary';
> 6 | import { CallToAction } from '@/components/ui/CallToAction';
    | ^^^^^^^^^^^^^^^^^^^^^^^^^^^^^^^^^^^^^^^^^^^^^^^^^^^^^^^^^^^^
  7 | import { ArrowRight } from 'lucide-react';
  8 |
  9 | export const metadata: Metadata = {

Import map: aliased to relative './src/components/ui/CallToAction' inside of [project]/Projects/N-Npoultry


https://nextjs.org/docs/messages/module-not-found


    at <unknown> (./Projects/N-Npoultry/src/app/education-hub/page.tsx:6:1)
    at <unknown> (https://nextjs.org/docs/messages/module-not-found)
